 libCore.so  libRIO.so  libTree.so  libThread.so  libHist.so  libTreePlayer.so  libNet.so  libGpad.so  libMathCore.so  libMatrix.so  libGraf.so  libPhysics.so  libASImage.so
# Now the list of classes
